// RUN: -DDEFINED -DYES=1 -UUNDEFINED -DNO=0
// yes

// yes



// yes
