// RUN: -DDEFINED -UUNDEFINED
// this is defined


#if defined(FOO)
// this is unknown and will be left
#endif
