// RUN: -DTESTSYM
// this is defined

#ifdef NOT_TESTSYM
// this is not defined
#endif
