// RUN: -UFOO


#ifdef BAR
// this will not be removed
#endif
